// Jest Snapshot v1, https://goo.gl/fbAQLP

exports[`body has noscroll class added if sidebar is open 1`] = `
<body
  className="css-1h52zrw"
/>
`;

exports[`sidebar and mastead are rendered 1`] = `
<React.Fragment>
  <HelmetWrapper
    defer={true}
    encodeSpecialCharacters={true}
  >
    <body
      className="css-pg671f"
    />
  </HelmetWrapper>
  <BackgroundImage />
  <Masthead />
  <main
    className="css-16vf2lb"
  />
  <Sidebar />
</React.Fragment>
`;
